{
    "id": "a5489693-ab4d-371c-bc95-7156b3b41be7"
}